[96msrc/hooks/useAuth.ts[0m:[93m26[0m:[93m25[0m - [91merror[0m[90m TS2339: [0mProperty 'register' does not exist on type '{ loginBasic: (credentials: LoginBasicRequest) => Promise<LoginResponse>; zaloLogin: (data: ZaloLoginRequest) => Promise<...>; getMe: () => Promise<...>; logout: () => Promise<...>; }'.

[7m26[0m     mutationFn: authApi.register,
[7m  [0m [91m                        ~~~~~~~~[0m

[96msrc/pages/Dashboard.tsx[0m:[93m12[0m:[93m74[0m - [91merror[0m[90m TS2307: [0mCannot find module 'recharts' or its corresponding type declarations.

[7m12[0m import { BarChart, Bar, ResponsiveContainer, XAxis, Tooltip, Cell } from 'recharts';
[7m  [0m [91m                                                                         ~~~~~~~~~~[0m


Found 2 errors in 2 files.

Errors  Files
     1  src/hooks/useAuth.ts[90m:26[0m
     1  src/pages/Dashboard.tsx[90m:12[0m
